gcc -g p6original.c
îº§ gdb a.out
GNU gdb (Ubuntu 8.1.1-0ubuntu1) 8.1.1
Copyright (C) 2018 Free Software Foundation, Inc.
License GPLv3+: GNU GPL version 3 or later <http://gnu.org/licenses/gpl.html>
This is free software: you are free to change and redistribute it.
There is NO WARRANTY, to the extent permitted by law.  Type "show copying"
and "show warranty" for details.
This GDB was configured as "x86_64-linux-gnu".
Type "show configuration" for configuration details.
For bug reporting instructions, please see:
<http://www.gnu.org/software/gdb/bugs/>.
Find the GDB manual and other documentation resources online at:
<http://www.gnu.org/software/gdb/documentation/>.
For help, type "help".
Type "apropos word" to search for commands related to "word"...
Reading symbols from a.out...done.
(gdb) b 21
Breakpoint 1 at 0x7c7: file p6original.c, line 21.
(gdb) r
Starting program: /home/runner/pps-test1-naga4121-4/a.out 
warning: Error disabling address space randomization: Operation not permitted

Breakpoint 1, main () at p6original.c:22
22    n=input_n();
(gdb) n
Enter the number of terms: 4
23    sum=sum_n(n);
(gdb) s
sum_n (n=4) at p6original.c:12
12    sum=(n*(n+1))/2;
(gdb) n
13    return sum;
(gdb) n
14  }
(gdb) n
main () at p6original.c:24
24    output(n,sum);
(gdb) s
output (n=4, sum=10) at p6original.c:17
17    printf("The sum of first %d  natural numbers are %d", n, sum);
(gdb) n
18  }
(gdb) n
main () at p6original.c:25
25    return 0;
(gdb) 